// Jest Snapshot v1, https://jestjs.io/docs/snapshot-testing

exports[`Component About - test About - snapshot 1`] = `
<View
  style={
    [
      {
        "flex": 1,
      },
      {
        "backgroundColor": "#011401",
      },
    ]
  }
>
  <View>
    <View
      style={
        [
          {},
          {
            "alignItems": "center",
            "backgroundColor": "#011401",
            "display": "flex",
            "minHeight": 50,
            "paddingBottom": 10,
            "paddingTop": 0,
          },
        ]
      }
      testID="header"
    >
      <View
        style={
          {
            "alignItems": "center",
            "display": "flex",
            "flexDirection": "row",
            "flexWrap": "wrap",
            "gap": 8,
            "justifyContent": "center",
            "marginHorizontal": 5,
            "marginTop": 12,
          }
        }
      />
    </View>
    <View
      style={
        {
          "left": 0,
          "paddingBottom": 11.5,
          "paddingLeft": 20,
          "paddingRight": 11.5,
          "paddingTop": 16,
          "position": "absolute",
          "top": 0,
        }
      }
    >
      <View
        style={
          {
            "alignItems": "center",
            "flexDirection": "row",
            "gap": 14,
          }
        }
      />
    </View>
    <View
      style={
        [
          {},
          {
            "padding": 13,
            "position": "absolute",
            "right": 0,
            "top": 0,
          },
        ]
      }
    >
      <Image
        source={
          {
            "testUri": "../../../assets/img/swarm-mark.png",
          }
        }
        style={
          {
            "borderRadius": 6,
            "height": 30,
            "resizeMode": "contain",
            "width": 30,
          }
        }
      />
    </View>
  </View>
  <View
    style={
      {
        "alignItems": "center",
        "display": "flex",
        "flexDirection": "row",
        "flexWrap": "wrap",
        "justifyContent": "space-between",
        "marginVertical": 5,
        "width": "100%",
      }
    }
  >
    <View
      accessibilityState={
        {
          "busy": undefined,
          "checked": undefined,
          "disabled": undefined,
          "expanded": undefined,
          "selected": undefined,
        }
      }
      accessibilityValue={
        {
          "max": undefined,
          "min": undefined,
          "now": undefined,
          "text": undefined,
        }
      }
      accessible={true}
      collapsable={false}
      focusable={true}
      onClick={[Function]}
      onResponderGrant={[Function]}
      onResponderMove={[Function]}
      onResponderRelease={[Function]}
      onResponderTerminate={[Function]}
      onResponderTerminationRequest={[Function]}
      onStartShouldSetResponder={[Function]}
      style={
        {
          "opacity": 1,
        }
      }
    >
      <
        color="#18bd18"
        icon={
          {
            "icon": [
              320,
              512,
              [
                9001,
              ],
              "f053",
              "M9.4 233.4c-12.5 12.5-12.5 32.8 0 45.3l192 192c12.5 12.5 32.8 12.5 45.3 0s12.5-32.8 0-45.3L77.3 256 246.6 86.6c12.5-12.5 12.5-32.8 0-45.3s-32.8-12.5-45.3 0l-192 192z",
            ],
            "iconName": "chevron-left",
            "prefix": "fas",
          }
        }
        size={24}
        style={
          {
            "marginHorizontal": 10,
          }
        }
      />
    </View>
    <Text
      style={
        {
          "color": "#c3c3c3",
          "fontFamily": "Sora-SemiBold",
          "fontSize": 18,
          "opacity": 0.87,
          "paddingHorizontal": 5,
        }
      }
    >
      Zingo
    </Text>
    <View
      style={
        {
          "height": 30,
          "marginHorizontal": 10,
          "width": 30,
        }
      }
    />
  </View>
  <RCTScrollView
    contentContainerStyle={
      {
        "gap": 20,
        "padding": 24,
      }
    }
    testID="about.scroll-view"
  >
    <View>
      <Image
        source={
          {
            "testUri": "../../../assets/img/swarm-mark.png",
          }
        }
        style={
          {
            "alignSelf": "center",
            "height": 56,
            "marginTop": 16,
            "resizeMode": "contain",
            "width": 120,
          }
        }
      />
      <Text
        style={
          [
            {
              "fontSize": 15,
              "textAlign": "center",
            },
            {
              "color": "#888888",
            },
          ]
        }
      >
        2.0.19 (307)
      </Text>
      <Text
        style={
          [
            {
              "fontSize": 16,
              "lineHeight": 24,
              "textAlign": "center",
            },
            {
              "color": "#c3c3c3",
            },
          ]
        }
      >
        text translated
      </Text>
      <Text
        style={
          [
            {
              "fontSize": 16,
              "lineHeight": 24,
              "textAlign": "center",
            },
            {
              "color": "#888888",
            },
          ]
        }
      >
        text translated
      </Text>
      <View
        style={
          {
            "gap": 12,
          }
        }
        testID="about.legal"
      >
        <View
          accessibilityRole="button"
          accessibilityState={
            {
              "busy": undefined,
              "checked": undefined,
              "disabled": undefined,
              "expanded": undefined,
              "selected": undefined,
            }
          }
          accessibilityValue={
            {
              "max": undefined,
              "min": undefined,
              "now": undefined,
              "text": undefined,
            }
          }
          accessible={true}
          collapsable={false}
          focusable={true}
          onBlur={[Function]}
          onClick={[Function]}
          onFocus={[Function]}
          onResponderGrant={[Function]}
          onResponderMove={[Function]}
          onResponderRelease={[Function]}
          onResponderTerminate={[Function]}
          onResponderTerminationRequest={[Function]}
          onStartShouldSetResponder={[Function]}
          style={
            [
              {
                "borderRadius": 14,
                "borderWidth": 1,
                "minHeight": 54,
                "padding": 16,
              },
              {
                "borderColor": "#888888",
              },
            ]
          }
          testID="about.legal-privacy"
        >
          <Text
            style={
              [
                {
                  "fontSize": 17,
                },
                {
                  "color": "#18bd18",
                },
              ]
            }
          >
            text translated
          </Text>
        </View>
        <View
          accessibilityRole="button"
          accessibilityState={
            {
              "busy": undefined,
              "checked": undefined,
              "disabled": undefined,
              "expanded": undefined,
              "selected": undefined,
            }
          }
          accessibilityValue={
            {
              "max": undefined,
              "min": undefined,
              "now": undefined,
              "text": undefined,
            }
          }
          accessible={true}
          collapsable={false}
          focusable={true}
          onBlur={[Function]}
          onClick={[Function]}
          onFocus={[Function]}
          onResponderGrant={[Function]}
          onResponderMove={[Function]}
          onResponderRelease={[Function]}
          onResponderTerminate={[Function]}
          onResponderTerminationRequest={[Function]}
          onStartShouldSetResponder={[Function]}
          style={
            [
              {
                "borderRadius": 14,
                "borderWidth": 1,
                "minHeight": 54,
                "padding": 16,
              },
              {
                "borderColor": "#888888",
              },
            ]
          }
          testID="about.legal-terms"
        >
          <Text
            style={
              [
                {
                  "fontSize": 17,
                },
                {
                  "color": "#18bd18",
                },
              ]
            }
          >
            text translated
          </Text>
        </View>
        <View
          accessibilityRole="button"
          accessibilityState={
            {
              "busy": undefined,
              "checked": undefined,
              "disabled": undefined,
              "expanded": undefined,
              "selected": undefined,
            }
          }
          accessibilityValue={
            {
              "max": undefined,
              "min": undefined,
              "now": undefined,
              "text": undefined,
            }
          }
          accessible={true}
          collapsable={false}
          focusable={true}
          onBlur={[Function]}
          onClick={[Function]}
          onFocus={[Function]}
          onResponderGrant={[Function]}
          onResponderMove={[Function]}
          onResponderRelease={[Function]}
          onResponderTerminate={[Function]}
          onResponderTerminationRequest={[Function]}
          onStartShouldSetResponder={[Function]}
          style={
            [
              {
                "borderRadius": 14,
                "borderWidth": 1,
                "minHeight": 54,
                "padding": 16,
              },
              {
                "borderColor": "#888888",
              },
            ]
          }
          testID="about.legal-risks"
        >
          <Text
            style={
              [
                {
                  "fontSize": 17,
                },
                {
                  "color": "#18bd18",
                },
              ]
            }
          >
            text translated
          </Text>
        </View>
        <View
          accessibilityRole="button"
          accessibilityState={
            {
              "busy": undefined,
              "checked": undefined,
              "disabled": undefined,
              "expanded": undefined,
              "selected": undefined,
            }
          }
          accessibilityValue={
            {
              "max": undefined,
              "min": undefined,
              "now": undefined,
              "text": undefined,
            }
          }
          accessible={true}
          collapsable={false}
          focusable={true}
          onBlur={[Function]}
          onClick={[Function]}
          onFocus={[Function]}
          onResponderGrant={[Function]}
          onResponderMove={[Function]}
          onResponderRelease={[Function]}
          onResponderTerminate={[Function]}
          onResponderTerminationRequest={[Function]}
          onStartShouldSetResponder={[Function]}
          style={
            [
              {
                "borderRadius": 14,
                "borderWidth": 1,
                "minHeight": 54,
                "padding": 16,
              },
              {
                "borderColor": "#888888",
              },
            ]
          }
          testID="about.legal-notices"
        >
          <Text
            style={
              [
                {
                  "fontSize": 17,
                },
                {
                  "color": "#18bd18",
                },
              ]
            }
          >
            text translated
          </Text>
        </View>
      </View>
    </View>
  </RCTScrollView>
</View>
`;
